Detected Hostname: WINMEDIUM
PORT    STATE  SERVICE         VERSION                              LAT(ms) CONF     EVIDENCE
80      open   http            Apache 2.4.7 (Ubuntu)       2       high     protocol banner
445     open   microsoft-ds    Windows Server 2008 R2      4       high     raw smb negotiate
